// Vitest Snapshot v1, https://vitest.dev/guide/snapshot.html

exports[`<Experience /> > should match the snapshot 1`] = `
<div>
  <section
    class="section-curve relative"
    id="experience"
  >
    <div
      aria-hidden="true"
      class="absolute top-0 left-0"
      id="experience-nav"
    />
    <div
      class="mb-8 md:mb-10 mt-16 md:mt-13 overflow-hidden"
    >
      <h1
        class="text-4xl md:text-5xl tracking-tight leading-none font-bold text-alvaro-white transition-all duration-700 ease-out origin-left opacity-0 scale-x-0"
      >
        Experience
      </h1>
      <div
        class="mt-3 h-[2px] bg-alvaro-primary transition-all duration-700 delay-200 ease-out origin-left w-0 opacity-0"
      />
    </div>
    <div
      class="relative pl-10"
    >
      <div
        class="absolute left-4 top-6 bottom-6 w-px bg-alvaro-border"
      />
      <div
        class="relative mb-6"
      >
        <div
          class="absolute -left-[29px] top-[26px] w-2.5 h-2.5 rounded-full bg-alvaro-accent ring-[3px] ring-alvaro-base"
        />
        <div
          class="border rounded-2xl overflow-hidden transition-colors duration-300 border-alvaro-primary/30 bg-alvaro-surface"
        >
          <button
            aria-controls="accordion-content-0"
            aria-expanded="true"
            class="w-full flex items-center justify-between p-6 text-left cursor-pointer"
            type="button"
          >
            <div>
              <span
                class="text-xl font-semibold text-alvaro-white"
              >
                Openbank
              </span>
              <p
                class="text-sm text-alvaro-muted mt-1 font-mono tabular-nums"
              >
                June 2023 — now
              </p>
            </div>
            <svg
              class="text-alvaro-muted transition-transform duration-300 shrink-0 ml-4 rotate-180"
              fill="currentColor"
              height="20"
              viewBox="0 0 256 256"
              width="20"
              xmlns="http://www.w3.org/2000/svg"
            >
              <path
                d="M216.49,104.49l-80,80a12,12,0,0,1-17,0l-80-80a12,12,0,0,1,17-17L128,159l71.51-71.52a12,12,0,0,1,17,17Z"
              />
            </svg>
          </button>
          <div
            class="overflow-hidden transition-all duration-500 ease-[cubic-bezier(0.16,1,0.3,1)] max-h-[1000px] opacity-100"
            id="accordion-content-0"
          >
            <div
              class="px-6 pb-6"
            >
              <div
                class="grid md:grid-cols-[1fr_2fr] gap-8 pt-2"
              >
                <div
                  class="flex items-start"
                >
                  <a
                    aria-label="Openbank"
                    class="block"
                    href="https://openbank.es/"
                    rel="noopener noreferrer"
                    target="_blank"
                  >
                    <img
                      alt="Openbank"
                      class="w-48 h-32 object-contain rounded-xl transition-transform duration-500 hover:scale-105"
                      decoding="async"
                      loading="lazy"
                      src="../../assets/experience/openbank.svg"
                    />
                  </a>
                </div>
                <div
                  class="space-y-3 text-sm text-alvaro-muted leading-relaxed"
                >
                  <h1
                    class="text-xl font-semibold text-alvaro-white"
                  >
                    Consulting Firm
                  </h1>
                  <ul
                    class="list-disc pl-5 space-y-1"
                  >
                    <li>
                      <div>
                        <span>
                          Knowmad Mood
                        </span>
                      </div>
                    </li>
                    <li>
                      <div>
                        <span>
                          Plexus
                        </span>
                      </div>
                    </li>
                  </ul>
                  <h1
                    class="text-xl font-semibold text-alvaro-white"
                  >
                    Projects
                  </h1>
                  <ul
                    class="list-disc pl-5 space-y-1"
                  >
                    <li>
                      <div>
                        <span>
                          Onboarding
                        </span>
                      </div>
                    </li>
                    <li>
                      <div>
                        <span>
                          Customer
                        </span>
                      </div>
                    </li>
                  </ul>
                </div>
              </div>
            </div>
          </div>
        </div>
      </div>
      <div
        class="relative mb-6"
      >
        <div
          class="absolute -left-[29px] top-[26px] w-2.5 h-2.5 rounded-full bg-alvaro-accent ring-[3px] ring-alvaro-base"
        />
        <div
          class="border rounded-2xl overflow-hidden transition-colors duration-300 border-alvaro-border hover:border-alvaro-muted"
        >
          <button
            aria-controls="accordion-content-1"
            aria-expanded="false"
            class="w-full flex items-center justify-between p-6 text-left cursor-pointer"
            type="button"
          >
            <div>
              <span
                class="text-xl font-semibold text-alvaro-white"
              >
                RSI
              </span>
              <p
                class="text-sm text-alvaro-muted mt-1 font-mono tabular-nums"
              >
                October 2021 — April 2023
              </p>
            </div>
            <svg
              class="text-alvaro-muted transition-transform duration-300 shrink-0 ml-4 "
              fill="currentColor"
              height="20"
              viewBox="0 0 256 256"
              width="20"
              xmlns="http://www.w3.org/2000/svg"
            >
              <path
                d="M216.49,104.49l-80,80a12,12,0,0,1-17,0l-80-80a12,12,0,0,1,17-17L128,159l71.51-71.52a12,12,0,0,1,17,17Z"
              />
            </svg>
          </button>
          <div
            class="overflow-hidden transition-all duration-500 ease-[cubic-bezier(0.16,1,0.3,1)] max-h-0 opacity-0"
            id="accordion-content-1"
          >
            <div
              class="px-6 pb-6"
            >
              <div
                class="grid md:grid-cols-[1fr_2fr] gap-8 pt-2"
              >
                <div
                  class="flex items-start"
                >
                  <a
                    aria-label="RSI"
                    class="block"
                    href="https://grupocajarural.es/"
                    rel="noopener noreferrer"
                    target="_blank"
                  >
                    <img
                      alt="RSI"
                      class="w-48 h-32 object-contain rounded-xl transition-transform duration-500 hover:scale-105"
                      decoding="async"
                      loading="lazy"
                      src="../../assets/experience/rsi.svg"
                    />
                  </a>
                </div>
                <div
                  class="space-y-3 text-sm text-alvaro-muted leading-relaxed"
                >
                  <h1
                    class="text-xl font-semibold text-alvaro-white"
                  >
                    Full Stack Developer
                  </h1>
                  <blockquote
                    class="border-l-2 border-alvaro-primary/60 pl-4 italic text-alvaro-muted/90 space-y-2"
                  >
                    <p
                      class="whitespace-pre-line"
                    >
                      <span>
                        Devoteam
                      </span>
                    </p>
                  </blockquote>
                  <h2
                    class="text-lg font-semibold text-alvaro-white"
                  >
                    Projects
                  </h2>
                  <ul
                    class="list-disc pl-5 space-y-1"
                  >
                    <li>
                      <div>
                        <span>
                          Onboarding
                        </span>
                      </div>
                    </li>
                    <li>
                      <div>
                        <span>
                          Customer
                        </span>
                      </div>
                    </li>
                  </ul>
                  <h2
                    class="text-lg font-semibold text-alvaro-white"
                  >
                    Tasks
                  </h2>
                  <ul
                    class="list-disc pl-5 space-y-1"
                  >
                    <li>
                      <div>
                        <span>
                          Web application development
                        </span>
                      </div>
                    </li>
                  </ul>
                  <h2
                    class="text-lg font-semibold text-alvaro-white"
                  >
                    Skills
                  </h2>
                  <p
                    class="whitespace-pre-line"
                  >
                    <span>
                      vue.js, react.js
                    </span>
                  </p>
                </div>
              </div>
            </div>
          </div>
        </div>
      </div>
    </div>
  </section>
</div>
`;
